// Jest Snapshot v1, https://goo.gl/fbAQLP

exports[`TextArea match with snapshot 1`] = `"<form action=\\"#\\"><div class=\\"bx--form-item bx--text-input-wrapper\\"><label for=\\"email\\" class=\\"bx--label\\">Email</label><div class=\\"bx--text-input__field-wrapper\\"><input id=\\"email\\" placeholder=\\"Email\\" type=\\"text\\" class=\\"bx--text-input bx--text__input\\" title=\\"Email\\" name=\\"email\\" value=\\"\\"></div></div></form>"`;
